[retry-watcher] 메인 배치 완료 대기...
[retry-watcher] 메인 배치 종료 감지 (done=89). failed 재시도 시작.
[retry-watcher] 재시도 대상:
CVE-2021-36369
CVE-2022-1292
CVE-2023-0286
CVE-2023-38408
CVE-2020-10648
CVE-2020-1971
CVE-2021-3999
CVE-2022-23303
CVE-2022-27774
CVE-2022-28391
CVE-2022-32221
CVE-2022-46908
CVE-2023-7256
CVE-2017-14491
CVE-2019-15903
CVE-2019-5481
CVE-2020-25681
CVE-2021-33574
CVE-2021-3518
CVE-2021-42380
CVE-2021-42386
CVE-2022-23852
CVE-2022-40304
CVE-2023-28484
CVE-2023-46850
CVE-2023-4911
CVE-2024-2961
full batch: 88 CVEs from C:/Users/user/Desktop/ICS-VEX/results/exploit_all88.txt
skip (done): CVE-2016-9318
skip (done): CVE-2018-20843
skip (done): CVE-2019-6111
skip (done): CVE-2020-15778
=== 09-01 20:57:52 full-run CVE-2021-36369 (attempt 1/3) ===
  transient failure — retrying (CVE-2021-36369)
=== 09-01 20:58:28 full-run CVE-2021-36369 (attempt 2/3) ===
record -> C:/Users/user/Desktop/ICS-VEX/results/verify_full/CVE-2021-36369.json build-only
  -> build=1 exploit=0 verify=0 849s (build-only)
skip (done): CVE-2021-44228
skip (done): CVE-2022-0547
=== 09-01 21:12:37 full-run CVE-2022-1292 (attempt 1/3) ===
  transient failure — retrying (CVE-2022-1292)
=== 09-01 21:13:19 full-run CVE-2022-1292 (attempt 2/3) ===
  transient failure — retrying (CVE-2022-1292)
=== 09-01 21:13:57 full-run CVE-2022-1292 (attempt 3/3) ===
record -> C:/Users/user/Desktop/ICS-VEX/results/verify_full/CVE-2022-1292.json failed
  -> build=0 exploit=0 verify=0 31s (failed)
skip (done): CVE-2022-2068
skip (done): CVE-2022-22576
skip (done): CVE-2022-22965
=== 09-01 21:14:29 full-run CVE-2023-0286 (attempt 1/3) ===
record -> C:/Users/user/Desktop/ICS-VEX/results/verify_full/CVE-2023-0286.json build-only
  -> build=1 exploit=0 verify=0 161s (build-only)
skip (done): CVE-2023-27536
=== 09-01 21:17:11 full-run CVE-2023-38408 (attempt 1/3) ===
  transient failure — retrying (CVE-2023-38408)
=== 09-01 21:31:17 full-run CVE-2023-38408 (attempt 2/3) ===
[retry-watcher] 재시도 패스 완료.
