[1/117] CVE-2015-7547      glibc          2.17       -> collected (glibc-2.17)
[2/117] CVE-2016-9318      libxml2        2.9.4      -> collected (v2.9.4)
[3/117] CVE-2017-13077     wpa_supplicant 2.6        -> collected ()
[4/117] CVE-2017-13078     wpa_supplicant 2.6        -> collected ()
[5/117] CVE-2017-14491     dnsmasq        2.78       -> collected ()
[6/117] CVE-2017-16544     busybox        1.20.2     -> collected (1_20_2)
[7/117] CVE-2017-17562     goahead        3.6.5      -> no-tag (could not resolve tag for goahead 3.6.5)
[8/117] CVE-2018-14526     wpa_supplicant 2.6        -> collected ()
[9/117] CVE-2018-14567     libxml2        2.9.4      -> collected (v2.9.4)
[10/117] CVE-2018-18065     net_snmp       5.7.3      -> collected (v5.7.3)
[11/117] CVE-2018-20843     expat          2.2.0      -> collected (R_2_2_0)
[12/117] CVE-2018-8740      sqlite         3.22.0     -> collected (version-3.22.0)
[13/117] CVE-2019-11477     linux_kernel   4.9.337    -> collected (v4.9.337)
[14/117] CVE-2019-12255     ipnet          6.9        -> closed-source (no public source)
[15/117] CVE-2019-12256     ipnet          6.9        -> closed-source (no public source)
[16/117] CVE-2019-12257     ipnet          6.9        -> closed-source (no public source)
[17/117] CVE-2019-12258     ipnet          7.0        -> closed-source (no public source)
[18/117] CVE-2019-12259     ipnet          7.0        -> closed-source (no public source)
[19/117] CVE-2019-12260     ipnet          6.9        -> closed-source (no public source)
[20/117] CVE-2019-12262     ipnet          7.0        -> closed-source (no public source)
[21/117] CVE-2019-13103     u_boot         2018.03    -> collected (v2018.03)
[22/117] CVE-2019-13106     u_boot         2018.03    -> collected (v2018.03)
[23/117] CVE-2019-3855      libssh2        1.8.0      -> collected (libssh2-1.8.0)
[24/117] CVE-2019-3856      libssh2        1.8.0      -> collected (libssh2-1.8.0)
[25/117] CVE-2019-3858      libssh2        1.8.0      -> collected (libssh2-1.8.0)
[26/117] CVE-2019-5096      goahead        3.6.5      -> no-tag (could not resolve tag for goahead 3.6.5)
[27/117] CVE-2019-5097      goahead        3.6.5      -> no-tag (could not resolve tag for goahead 3.6.5)
[28/117] CVE-2019-5481      libcurl        7.64.0     -> collected (curl-7_64_0)
[29/117] CVE-2019-5482      libcurl        7.64.0     -> collected (curl-7_64_0)
[30/117] CVE-2019-6111      openssh        7.4p1      -> collected (V_7_4_P1)
[31/117] CVE-2019-8457      sqlite         3.22.0     -> collected (version-3.22.0)
[32/117] CVE-2020-10648     u_boot         2020.04    -> collected (v2020.04)
[33/117] CVE-2020-11655     sqlite         3.22.0     -> collected (version-3.22.0)
[34/117] CVE-2020-11868     ntp            4.2.8p13   -> fetch-failed (could not download/extract https://downloads.ntp.org/ntp/ntp-4.2.8p13.tar.gz)
[35/117] CVE-2020-11896     treck_tcpip    6.0.1.66   -> closed-source (no public source)
[36/117] CVE-2020-11897     treck_tcpip    6.0.1.66   -> closed-source (no public source)
[37/117] CVE-2020-11898     treck_tcpip    6.0.1.67   -> closed-source (no public source)
[38/117] CVE-2020-11900     treck_tcpip    6.0.1.67   -> closed-source (no public source)
[39/117] CVE-2020-11901     treck_tcpip    6.0.1.66   -> closed-source (no public source)
[40/117] CVE-2020-13434     sqlite         3.31.1     -> collected (version-3.31.1)
[41/117] CVE-2020-13630     sqlite         3.31.1     -> collected (version-3.31.1)
[42/117] CVE-2020-15778     openssh        8.2p1      -> collected (V_8_2_P1)
[43/117] CVE-2020-1971      openssl        1.1.1g     -> collected (OpenSSL_1_1_1g)
[44/117] CVE-2020-22218     libssh2        1.9.0      -> collected (libssh2-1.9.0)
[45/117] CVE-2020-25681     dnsmasq        2.82       -> collected ()
[46/117] CVE-2020-25684     dnsmasq        2.82       -> collected ()
[47/117] CVE-2020-8177      libcurl        7.64.0     -> collected (curl-7_64_0)
[48/117] CVE-2021-20227     sqlite         3.31.1     -> collected (version-3.31.1)
[49/117] CVE-2021-23840     openssl        1.0.2u     -> collected (OpenSSL_1_0_2u)
[50/117] CVE-2021-30186     codesys_rt     3.5.16.0   -> closed-source (no public source)
[51/117] CVE-2021-30188     codesys_rt     3.5.16.0   -> closed-source (no public source)
[52/117] CVE-2021-30189     codesys_rt     3.5.16.0   -> closed-source (no public source)
[53/117] CVE-2021-33574     glibc          2.28       -> collected (glibc-2.28)
[54/117] CVE-2021-3450      openssl        1.1.1g     -> collected (OpenSSL_1_1_1g)
[55/117] CVE-2021-3517      libxml2        2.9.10     -> collected (v2.9.10)
[56/117] CVE-2021-3518      libxml2        2.9.10     -> collected (v2.9.10)
[57/117] CVE-2021-35942     glibc          2.31       -> collected (glibc-2.31)
[58/117] CVE-2021-36369     dropbear       2020.81    -> collected (DROPBEAR_2020.81)
[59/117] CVE-2021-3711      openssl        1.1.1k     -> collected (OpenSSL_1_1_1k)
[60/117] CVE-2021-3712      openssl        1.1.1k     -> collected (OpenSSL_1_1_1k)
[61/117] CVE-2021-3999      glibc          2.28       -> collected (glibc-2.28)
[62/117] CVE-2021-41617     openssh        8.2p1      -> collected (V_8_2_P1)
[63/117] CVE-2021-42374     busybox        1.30.1     -> collected (1_30_1)
[64/117] CVE-2021-42375     busybox        1.31.1     -> collected (1_31_1)
[65/117] CVE-2021-42376     busybox        1.31.1     -> collected (1_31_1)
[66/117] CVE-2021-42378     busybox        1.30.1     -> collected (1_30_1)
[67/117] CVE-2021-42379     busybox        1.33.1     -> collected (1_33_1)
[68/117] CVE-2021-42380     busybox        1.33.1     -> collected (1_33_1)
[69/117] CVE-2021-42386     busybox        1.30.1     -> collected (1_30_1)
[70/117] CVE-2021-44228     log4j          2.14.1     -> collected (rel/2.14.1)
[71/117] CVE-2022-0547      openvpn        2.5.5      -> collected (v2.5.5)
[72/117] CVE-2022-0778      openssl        1.1.1k     -> collected (OpenSSL_1_1_1k)
[73/117] CVE-2022-0847      linux_kernel   4.19.325   -> collected (v4.19.325)
[74/117] CVE-2022-1292      openssl        1.1.1n     -> collected (OpenSSL_1_1_1n)
[75/117] CVE-2022-2068      openssl        1.1.1n     -> collected (OpenSSL_1_1_1n)
[76/117] CVE-2022-22515     codesys_rt     3.5.17.0   -> closed-source (no public source)
[77/117] CVE-2022-22517     codesys_rt     3.5.17.0   -> closed-source (no public source)
[78/117] CVE-2022-22576     libcurl        7.79.1     -> collected (curl-7_79_1)
[79/117] CVE-2022-22822     expat          2.2.10     -> collected (R_2_2_10)
[80/117] CVE-2022-22965     spring         5.3.17     -> collected (v5.3.17)
[81/117] CVE-2022-23303     wpa_supplicant 2.9        -> collected ()
[82/117] CVE-2022-23852     expat          2.2.10     -> collected (R_2_2_10)
[83/117] CVE-2022-25235     expat          2.2.10     -> collected (R_2_2_10)
[84/117] CVE-2022-25236     expat          2.4.1      -> collected (R_2_4_1)
[85/117] CVE-2022-25315     expat          2.4.1      -> collected (R_2_4_1)
[86/117] CVE-2022-27774     libcurl        7.79.1     -> collected (curl-7_79_1)
[87/117] CVE-2022-28391     busybox        1.35.0     -> collected (1_35_0)
[88/117] CVE-2022-29824     libxml2        2.9.10     -> collected (v2.9.10)
[89/117] CVE-2022-31802     codesys_rt     3.5.17.0   -> closed-source (no public source)
[90/117] CVE-2022-32221     libcurl        7.79.1     -> collected (curl-7_79_1)
[91/117] CVE-2022-40303     libxml2        2.9.14     -> collected (v2.9.14)
[92/117] CVE-2022-40304     libxml2        2.9.14     -> collected (v2.9.14)
[93/117] CVE-2022-41742     nginx          1.20.1     -> collected (release-1.20.1)
[94/117] CVE-2022-4304      openssl        3.0.7      -> collected (openssl-3.0.7)
[95/117] CVE-2022-46908     sqlite         3.39.4     -> collected (version-3.39.4)
[96/117] CVE-2023-0215      openssl        3.0.7      -> collected (openssl-3.0.7)
[97/117] CVE-2023-0286      openssl        3.0.7      -> collected (openssl-3.0.7)
[98/117] CVE-2023-21528     sqlserver_express 2019 CU22  -> closed-source (no public source)
[99/117] CVE-2023-21808     dotnet         4.8        -> closed-source (no public source)
[100/117] CVE-2023-27533     libcurl        8.0.1      -> collected (curl-8_0_1)
[101/117] CVE-2023-27536     libcurl        8.0.1      -> collected (curl-8_0_1)
[102/117] CVE-2023-28450     dnsmasq        2.86       -> collected ()
[103/117] CVE-2023-28484     libxml2        2.9.14     -> collected (v2.9.14)
[104/117] CVE-2023-34035     spring         6.0.9      -> collected (v6.0.9)
[105/117] CVE-2023-3663      codesys_rt     3.5.19.20  -> closed-source (no public source)
[106/117] CVE-2023-37559     codesys_rt     3.5.18.20  -> closed-source (no public source)
[107/117] CVE-2023-38545     libcurl        8.0.1      -> collected (curl-8_0_1)
[108/117] CVE-2023-45322     libxml2        2.10.4     -> collected (v2.10.4)
[109/117] CVE-2023-46218     libcurl        8.4.0      -> collected (curl-8_4_0)
[110/117] CVE-2023-46850     openvpn        2.5.5      -> collected (v2.5.5)
[111/117] CVE-2023-4911      glibc          2.35       -> collected (glibc-2.35)
[112/117] CVE-2023-52425     expat          2.5.0      -> collected (R_2_5_0)
[113/117] CVE-2023-7104      sqlite         3.41.2     -> collected (version-3.41.2)
[114/117] CVE-2024-1086      linux_kernel   5.10.220   -> collected (v5.10.220)
[115/117] CVE-2024-2379      libcurl        8.4.0      -> collected (curl-8_4_0)
[116/117] CVE-2024-2961      glibc          2.35       -> collected (glibc-2.35)
[117/117] CVE-2024-6387      openssh        9.6p1      -> collected (V_9_6_P1)

== DATA PROCESSOR ==
status  : {'collected': 91, 'no-tag': 3, 'closed-source': 22, 'fetch-failed': 1}
tag res : {'template': 80, 'tarball': 9, 'tarball-huge': 3}
cache   : 80 -> ..\cve-genie\webapp\data\icsvex_tierA.json
report  : results\data_processor_report.json
