batch: 80 CVEs from cache
skip (done): CVE-2015-7547
skip (done): CVE-2016-9318
=== 16:54:57 build CVE-2017-16544 ===
  -> built=0 critic=0 30s (Traceback)
=== 16:55:27 build CVE-2018-14567 ===
  -> built=1 critic=1 821s (repo-built)
=== 17:09:08 build CVE-2018-18065 ===
  -> built=1 critic=1 852s (repo-built)
=== 17:23:20 build CVE-2018-20843 ===
  -> built=1 critic=1 903s (repo-built)
skip (done): CVE-2018-8740
=== 17:38:23 build CVE-2019-13103 ===
  -> built=1 critic=1 129s (repo-built)
=== 17:40:32 build CVE-2019-13106 ===
  -> built=1 critic=1 142s (repo-built)
=== 17:42:54 build CVE-2019-3855 ===
  -> built=1 critic=1 861s (repo-built)
=== 17:57:15 build CVE-2019-3856 ===
  -> built=1 critic=1 122s (repo-built)
skip (done): CVE-2019-3858
skip (done): CVE-2019-5481
=== 17:59:17 build CVE-2019-5482 ===
  -> built=1 critic=1 800s (repo-built)
skip (done): CVE-2019-6111
skip (done): CVE-2019-8457
skip (done): CVE-2020-10648
skip (done): CVE-2020-11655
skip (done): CVE-2020-13434
=== 18:12:38 build CVE-2020-13630 ===
  -> built=0 critic=0 196s (failed)
skip (done): CVE-2020-15778
skip (done): CVE-2020-1971
skip (done): CVE-2020-22218
skip (done): CVE-2020-8177
skip (done): CVE-2021-20227
skip (done): CVE-2021-23840
skip (done): CVE-2021-33574
skip (done): CVE-2021-3450
skip (done): CVE-2021-3517
skip (done): CVE-2021-3518
skip (done): CVE-2021-35942
skip (done): CVE-2021-36369
skip (done): CVE-2021-3711
skip (done): CVE-2021-3712
skip (done): CVE-2021-3999
skip (done): CVE-2021-41617
skip (done): CVE-2021-42374
=== 18:15:56 build CVE-2021-42375 ===
  -> built=0 critic=0 1860s (failed)
skip (done): CVE-2021-42376
skip (done): CVE-2021-42378
skip (done): CVE-2021-42379
=== 18:46:56 build CVE-2021-42380 ===
  -> built=0 critic=0 35s (Traceback)
skip (done): CVE-2021-42386
skip (done): CVE-2021-44228
skip (done): CVE-2022-0547
skip (done): CVE-2022-0778
=== 18:47:32 build CVE-2022-1292 ===
  -> built=0 critic=0 1361s (Traceback)
skip (done): CVE-2022-2068
=== 19:10:14 build CVE-2022-22576 ===
  -> built=1 critic=1 1540s (repo-built)
skip (done): CVE-2022-22822
skip (done): CVE-2022-22965
skip (done): CVE-2022-23852
skip (done): CVE-2022-25235
skip (done): CVE-2022-25236
skip (done): CVE-2022-25315
skip (done): CVE-2022-27774
skip (done): CVE-2022-28391
skip (done): CVE-2022-29824
=== 19:35:55 build CVE-2022-32221 ===
  -> built=0 critic=0 36s (Traceback)
skip (done): CVE-2022-40303
skip (done): CVE-2022-40304
=== 19:36:31 build CVE-2022-41742 ===
  -> built=1 critic=1 167s (repo-built)
skip (done): CVE-2022-4304
skip (done): CVE-2022-46908
skip (done): CVE-2023-0215
=== 19:39:19 build CVE-2023-0286 ===
  -> built=1 critic=1 781s (repo-built)
skip (done): CVE-2023-27533
skip (done): CVE-2023-27536
skip (done): CVE-2023-28484
skip (done): CVE-2023-34035
skip (done): CVE-2023-38545
skip (done): CVE-2023-45322
skip (done): CVE-2023-46218
skip (done): CVE-2023-46850
skip (done): CVE-2023-4911
skip (done): CVE-2023-52425
skip (done): CVE-2023-7104
skip (done): CVE-2024-2379
skip (done): CVE-2024-2961
skip (done): CVE-2024-6387
=== BATCH DONE ===
total=80 build_ok=59 critic_ok=59
