batch: 80 CVEs from cache
skip (done): CVE-2015-7547
skip (done): CVE-2016-9318
skip (done): CVE-2017-16544
skip (done): CVE-2018-14567
=== 14:58:54 build CVE-2018-18065 ===
  -> built=0 critic=0 1574s (Connection)
skip (done): CVE-2018-20843
=== 15:25:09 build CVE-2018-8740 ===
  -> built=1 critic=1 510s (repo-built)
skip (done): CVE-2019-13103
skip (done): CVE-2019-13106
skip (done): CVE-2019-3855
skip (done): CVE-2019-3856
skip (done): CVE-2019-3858
skip (done): CVE-2019-5481
skip (done): CVE-2019-5482
skip (done): CVE-2019-6111
=== 15:33:39 build CVE-2019-8457 ===
  -> built=0 critic=0 500s (failed)
skip (done): CVE-2020-10648
=== 15:41:59 build CVE-2020-11655 ===
  -> built=1 critic=1 115s (repo-built)
=== 15:43:54 build CVE-2020-13434 ===
  -> built=0 critic=0 189s (failed)
=== 15:47:03 build CVE-2020-13630 ===
  -> built=0 critic=0 871s (failed)
skip (done): CVE-2020-15778
skip (done): CVE-2020-1971
skip (done): CVE-2020-22218
=== 16:01:34 build CVE-2020-8177 ===
  -> built=1 critic=1 130s (repo-built)
skip (done): CVE-2021-20227
=== 16:03:45 build CVE-2021-23840 ===
  -> built=1 critic=1 1131s (repo-built)
skip (done): CVE-2021-33574
skip (done): CVE-2021-3450
skip (done): CVE-2021-3517
skip (done): CVE-2021-3518
skip (done): CVE-2021-35942
skip (done): CVE-2021-36369
skip (done): CVE-2021-3711
skip (done): CVE-2021-3712
skip (done): CVE-2021-3999
skip (done): CVE-2021-41617
skip (done): CVE-2021-42374
skip (done): CVE-2021-42375
skip (done): CVE-2021-42376
skip (done): CVE-2021-42378
skip (done): CVE-2021-42379
=== 16:22:37 build CVE-2021-42380 ===
  -> built=0 critic=0 1725s (failed)
skip (done): CVE-2021-42386
skip (done): CVE-2021-44228
skip (done): CVE-2022-0547
skip (done): CVE-2022-0778
skip (done): CVE-2022-1292
skip (done): CVE-2022-2068
skip (done): CVE-2022-22576
skip (done): CVE-2022-22822
skip (done): CVE-2022-22965
skip (done): CVE-2022-23852
skip (done): CVE-2022-25235
skip (done): CVE-2022-25236
skip (done): CVE-2022-25315
skip (done): CVE-2022-27774
skip (done): CVE-2022-28391
skip (done): CVE-2022-29824
skip (done): CVE-2022-32221
skip (done): CVE-2022-40303
skip (done): CVE-2022-40304
skip (done): CVE-2022-41742
skip (done): CVE-2022-4304
=== 16:51:24 build CVE-2022-46908 ===
  -> built=0 critic=0 42s (Traceback)
skip (done): CVE-2023-0215
skip (done): CVE-2023-0286
skip (done): CVE-2023-27533
skip (done): CVE-2023-27536
skip (done): CVE-2023-28484
skip (done): CVE-2023-34035
skip (done): CVE-2023-38545
skip (done): CVE-2023-45322
skip (done): CVE-2023-46218
skip (done): CVE-2023-46850
skip (done): CVE-2023-4911
skip (done): CVE-2023-52425
=== 16:52:08 build CVE-2023-7104 ===
  -> built=0 critic=0 47s (Traceback)
skip (done): CVE-2024-2379
skip (done): CVE-2024-2961
skip (done): CVE-2024-6387
=== BATCH DONE ===
total=80 build_ok=48 critic_ok=48
