batch: 80 CVEs from cache
skip (done): CVE-2015-7547
skip (done): CVE-2016-9318
=== 09:55:48 build CVE-2017-16544 ===
  -> built=1 critic=1 861s (repo-built)
skip (done): CVE-2018-14567
skip (done): CVE-2018-18065
skip (done): CVE-2018-20843
skip (done): CVE-2018-8740
skip (done): CVE-2019-13103
skip (done): CVE-2019-13106
skip (done): CVE-2019-3855
skip (done): CVE-2019-3856
=== 10:10:10 build CVE-2019-3858 ===
  -> built=0 critic=0 34s (Traceback)
skip (done): CVE-2019-5481
skip (done): CVE-2019-5482
skip (done): CVE-2019-6111
skip (done): CVE-2019-8457
skip (done): CVE-2020-10648
skip (done): CVE-2020-11655
skip (done): CVE-2020-13434
skip (done): CVE-2020-13630
=== 10:10:45 build CVE-2020-15778 ===
  -> built=1 critic=1 171s (repo-built)
skip (done): CVE-2020-1971
skip (done): CVE-2020-22218
skip (done): CVE-2020-8177
skip (done): CVE-2021-20227
skip (done): CVE-2021-23840
skip (done): CVE-2021-33574
=== 10:13:37 build CVE-2021-3450 ===
  -> built=1 critic=1 195s (repo-built)
skip (done): CVE-2021-3517
skip (done): CVE-2021-3518
skip (done): CVE-2021-35942
skip (done): CVE-2021-36369
skip (done): CVE-2021-3711
skip (done): CVE-2021-3712
skip (done): CVE-2021-3999
skip (done): CVE-2021-41617
skip (done): CVE-2021-42374
skip (done): CVE-2021-42375
skip (done): CVE-2021-42376
skip (done): CVE-2021-42378
skip (done): CVE-2021-42379
=== 10:16:53 build CVE-2021-42380 ===
  -> built=0 critic=0 55s (Traceback)
skip (done): CVE-2021-42386
skip (done): CVE-2021-44228
skip (done): CVE-2022-0547
skip (done): CVE-2022-0778
=== 10:17:48 build CVE-2022-1292 ===
  -> built=0 critic=0 256s (Traceback)
skip (done): CVE-2022-2068
skip (done): CVE-2022-22576
skip (done): CVE-2022-22822
skip (done): CVE-2022-22965
=== 10:22:05 build CVE-2022-23852 ===
  -> built=1 critic=1 813s (repo-built)
skip (done): CVE-2022-25235
skip (done): CVE-2022-25236
skip (done): CVE-2022-25315
skip (done): CVE-2022-27774
skip (done): CVE-2022-28391
skip (done): CVE-2022-29824
=== 10:35:39 build CVE-2022-32221 ===
  -> built=0 critic=0 29s (Traceback)
skip (done): CVE-2022-40303
skip (done): CVE-2022-40304
skip (done): CVE-2022-41742
skip (done): CVE-2022-4304
=== 10:36:09 build CVE-2022-46908 ===
  -> built=1 critic=1 91s (repo-built)
=== 10:37:40 build CVE-2023-0215 ===
  -> built=1 critic=1 123s (repo-built)
skip (done): CVE-2023-0286
skip (done): CVE-2023-27533
skip (done): CVE-2023-27536
skip (done): CVE-2023-28484
skip (done): CVE-2023-34035
skip (done): CVE-2023-38545
skip (done): CVE-2023-45322
skip (done): CVE-2023-46218
=== 10:39:44 build CVE-2023-46850 ===
  -> built=1 critic=1 127s (repo-built)
skip (done): CVE-2023-4911
skip (done): CVE-2023-52425
=== 10:41:51 build CVE-2023-7104 ===
  -> built=0 critic=0 49s (Traceback)
skip (done): CVE-2024-2379
skip (done): CVE-2024-2961
skip (done): CVE-2024-6387
=== BATCH DONE ===
total=80 build_ok=66 critic_ok=66
