  CVE-2015-7547      fujitsu_m10_firmware aff@0         ->affected     fixed@None      ->not_affected
  CVE-2016-9318      libxml2      aff@0         ->affected     fixed@None      ->not_affected
  CVE-2016-9840      zlib         aff@1.2.0.6   ->affected     fixed@1.2.9     ->not_affected
  CVE-2016-9841      zlib         aff@1.2.0     ->affected     fixed@1.2.9     ->not_affected
  CVE-2017-13077     no version range
  CVE-2017-13078     no version range
  CVE-2017-14491     dnsmasq      aff@0         ->affected     fixed@None      ->not_affected
  CVE-2017-16544     busybox      aff@0         ->affected     fixed@None      ->not_affected
  CVE-2018-14526     wpa_supplicant aff@2.0       ->affected     fixed@None      ->not_affected
  CVE-2018-14567     no version range
  CVE-2018-15473     openssh      aff@0         ->affected     fixed@None      ->not_affected
  CVE-2018-18065     net-snmp     aff@5.7       ->affected     fixed@5.8       ->not_affected
  CVE-2018-19052     lighttpd     aff@1.4.49    ->affected     fixed@1.4.50    ->not_affected
  CVE-2018-20843     libexpat     aff@2.2.6     ->affected     fixed@2.2.7     ->not_affected
  CVE-2018-25032     zlib         aff@1.2.2.2   ->affected     fixed@1.2.12    ->not_affected
  CVE-2018-5333      linux_kernel aff@0         ->affected     fixed@None      ->not_affected
  CVE-2018-8740      sqlite       aff@0         ->affected     fixed@None      ->not_affected
  CVE-2019-11072     lighttpd     aff@0         ->affected     fixed@None      ->not_affected
  CVE-2019-11477     linux_kernel aff@2.6.29    ->affected     fixed@3.16.69   ->not_affected
  CVE-2019-13103     u-boot       aff@2019.3    ->affected     fixed@2019.04   ->not_affected
  CVE-2019-13106     u-boot       aff@2016.09   ->affected     fixed@None      ->not_affected
  CVE-2019-14462     libmodbus    aff@3.0.6     ->affected     fixed@3.0.7     ->not_affected
  CVE-2019-14463     libmodbus    aff@3.0.6     ->affected     fixed@3.0.7     ->not_affected
  CVE-2019-15165     libpcap      aff@1.9.0     ->affected     fixed@1.9.1     ->not_affected
  CVE-2019-15903     libexpat     aff@2.2.7     ->affected     fixed@2.2.8     ->not_affected
  CVE-2019-17498     libssh2      aff@0         ->affected     fixed@None      ->not_affected
  CVE-2019-20372     nginx        aff@1.17.6    ->affected     fixed@1.17.7    ->not_affected
  CVE-2019-20892     net-snmp     aff@0         ->affected     fixed@None      ->not_affected
  CVE-2019-3855      libssh2      aff@1.8.0     ->affected     fixed@1.8.1     ->not_affected
  CVE-2019-3856      libssh2      aff@1.8.0     ->affected     fixed@1.8.1     ->not_affected
  CVE-2019-3858      libssh2      aff@1.8.0     ->affected     fixed@1.8.1     ->not_affected
  CVE-2019-5481      curl         aff@7.52.0    ->affected     fixed@None      ->not_affected
  CVE-2019-5482      curl         aff@7.19.4    ->affected     fixed@None      ->not_affected
  CVE-2019-6111      openssh      aff@0         ->affected     fixed@None      ->not_affected
  CVE-2019-8457      sqlite       aff@3.6.0     ->affected     fixed@None      ->not_affected
  CVE-2020-10648     u-boot       aff@2018.2    ->affected     fixed@2018.03   ->not_affected
  CVE-2020-11655     sqlite       aff@0         ->affected     fixed@None      ->not_affected
  CVE-2020-11810     openvpn      aff@2.4.0     ->affected     fixed@2.4.9     ->not_affected
  CVE-2020-13434     sqlite       aff@0         ->affected     fixed@None      ->not_affected
  CVE-2020-13630     sqlite       aff@3.32.0    ->not_affected fixed@3.32.0    ->not_affected
  CVE-2020-15778     openssh      aff@8.2       ->affected     fixed@8.3       ->not_affected
  CVE-2020-15861     net-snmp     aff@0         ->affected     fixed@None      ->not_affected
  CVE-2020-15862     net-snmp     aff@5.8.0     ->affected     fixed@5.8.1     ->not_affected
  CVE-2020-1971      openssl      aff@1.0.2     ->not_affected fixed@1.0.2x    ->not_affected
  CVE-2020-22218     no version range
  CVE-2020-25681     dnsmasq      aff@2.82      ->affected     fixed@2.83      ->not_affected
  CVE-2020-25684     dnsmasq      aff@2.82      ->affected     fixed@2.83      ->not_affected
  CVE-2020-36254     dropbear_ssh aff@2020.78   ->affected     fixed@2020.79   ->not_affected
  CVE-2020-8177      curl         aff@7.20.0    ->affected     fixed@None      ->not_affected
  CVE-2021-20227     sqlite       aff@3.33.0    ->affected     fixed@3.34.1    ->not_affected
  CVE-2021-23840     openssl      aff@1.0.2     ->not_affected fixed@1.0.2y    ->not_affected
  CVE-2021-27097     u-boot       aff@0         ->affected     fixed@None      ->not_affected
  CVE-2021-31571     freertos     aff@10.4.2    ->affected     fixed@10.4.3    ->not_affected
  CVE-2021-31572     freertos     aff@10.4.2    ->affected     fixed@10.4.3    ->not_affected
  CVE-2021-32020     freertos     aff@10.4.2    ->affected     fixed@10.4.3    ->not_affected
  CVE-2021-33574     e-series_santricity_os_controller aff@11.0      ->affected     fixed@None      ->not_affected
  CVE-2021-33909     linux_kernel aff@3.12.43   ->affected     fixed@3.13      ->not_affected
  CVE-2021-3450      openssl      aff@1.1.1h    ->not_affected fixed@1.1.1k    ->not_affected
  CVE-2021-3517      libxml2      aff@2.9.10    ->affected     fixed@2.9.11    ->not_affected
  CVE-2021-3518      libxml2      aff@2.9.10    ->affected     fixed@2.9.11    ->not_affected
  CVE-2021-35942     glibc        aff@2.30      ->affected     fixed@2.31      ->not_affected
  CVE-2021-36369     dropbear_ssh aff@0         ->affected     fixed@None      ->not_affected
  CVE-2021-3711      openssl      aff@1.1.1     ->not_affected fixed@1.1.1l    ->not_affected
  CVE-2021-3712      openssl      aff@1.0.2     ->not_affected fixed@1.0.2za   ->not_affected
  CVE-2021-3999      glibc        aff@2.30      ->affected     fixed@2.31      ->not_affected
  CVE-2021-41617     openssh      aff@6.2       ->affected     fixed@8.8       ->not_affected
  CVE-2021-42374     busybox      aff@1.27.0    ->affected     fixed@None      ->not_affected
  CVE-2021-42375     no version range
  CVE-2021-42376     busybox      aff@1.16.0    ->affected     fixed@1.34.0    ->not_affected
  CVE-2021-42378     busybox      aff@1.16.0    ->affected     fixed@None      ->not_affected
  CVE-2021-42379     busybox      aff@1.18.0    ->affected     fixed@None      ->not_affected
  CVE-2021-42380     busybox      aff@1.28.0    ->affected     fixed@None      ->not_affected
  CVE-2021-42386     busybox      aff@1.16.0    ->affected     fixed@None      ->not_affected
  CVE-2021-44228     log4j        aff@2.0.1     ->affected     fixed@2.3.1     ->not_affected
  CVE-2022-0547      openvpn      aff@2.1.0     ->affected     fixed@2.4.12    ->not_affected
  CVE-2022-0778      openssl      aff@1.0.2     ->not_affected fixed@1.0.2zd   ->not_affected
  CVE-2022-0847      linux_kernel aff@5.8       ->affected     fixed@5.10.102  ->not_affected
  CVE-2022-1292      openssl      aff@1.0.2     ->not_affected fixed@1.0.2ze   ->not_affected
  CVE-2022-2068      openssl      aff@1.0.2     ->not_affected fixed@1.0.2zf   ->not_affected
  CVE-2022-22576     curl         aff@7.33.0    ->affected     fixed@7.83.0    ->not_affected
  CVE-2022-22822     libexpat     aff@2.4.2     ->affected     fixed@2.4.3     ->not_affected
  CVE-2022-22965     spring_framework aff@5.2.19    ->affected     fixed@5.2.20    ->not_affected
  CVE-2022-23303     hostapd      aff@2.9       ->affected     fixed@2.10      ->not_affected
  CVE-2022-23852     libexpat     aff@2.4.3     ->affected     fixed@2.4.4     ->not_affected
  CVE-2022-24805     net-snmp     aff@5.9.1     ->affected     fixed@5.9.2     ->not_affected
  CVE-2022-25235     libexpat     aff@2.4.4     ->affected     fixed@2.4.5     ->not_affected
  CVE-2022-25236     libexpat     aff@2.4.4     ->affected     fixed@2.4.5     ->not_affected
  CVE-2022-25315     libexpat     aff@2.4.4     ->affected     fixed@2.4.5     ->not_affected
  CVE-2022-25761     open62541    aff@1.2.4     ->affected     fixed@1.2.5     ->not_affected
  CVE-2022-27774     curl         aff@4.9       ->affected     fixed@None      ->not_affected
  CVE-2022-28391     busybox      aff@0         ->affected     fixed@None      ->not_affected
  CVE-2022-29824     libxml2      aff@2.9.13    ->affected     fixed@2.9.14    ->not_affected
  CVE-2022-30767     u-boot       aff@0         ->affected     fixed@None      ->not_affected
  CVE-2022-32221     curl         aff@7.86.0    ->not_affected fixed@7.86.0    ->not_affected
  CVE-2022-37434     zlib         aff@0         ->affected     fixed@None      ->not_affected
  CVE-2022-40303     libxml2      aff@2.10.2    ->affected     fixed@2.10.3    ->not_affected
  CVE-2022-40304     libxml2      aff@2.10.2    ->affected     fixed@2.10.3    ->not_affected
  CVE-2022-41742     nginx        aff@1.1.3     ->affected     fixed@None      ->not_affected
  CVE-2022-42003     jackson-databind aff@2.12.7.0  ->affected     fixed@2.12.7.1  ->not_affected
  CVE-2022-42004     jackson-databind aff@2.12.7.0  ->affected     fixed@2.12.7.1  ->not_affected
  CVE-2022-4304      openssl      aff@1.0.2     ->not_affected fixed@1.0.2zg   ->not_affected
  CVE-2022-46908     sqlite       aff@3.37.0    ->affected     fixed@3.40.1    ->not_affected
  CVE-2023-0215      openssl      aff@1.0.2     ->not_affected fixed@1.0.2zg   ->not_affected
  CVE-2023-0286      openssl      aff@1.0.2     ->not_affected fixed@1.0.2zg   ->not_affected
  CVE-2023-27533     curl         aff@7.0.0     ->affected     fixed@None      ->not_affected
  CVE-2023-27536     libcurl      aff@7.22.0    ->affected     fixed@None      ->not_affected
  CVE-2023-28450     dnsmasq      aff@2.89      ->affected     fixed@2.90      ->not_affected
  CVE-2023-28484     libxml2      aff@2.10.3    ->affected     fixed@2.10.4    ->not_affected
  CVE-2023-32233     linux_kernel aff@3.13      ->affected     fixed@4.14.315  ->not_affected
  CVE-2023-34035     spring_security aff@5.8.0     ->affected     fixed@5.8.5     ->not_affected
  CVE-2023-38408     openssh      aff@9.2       ->affected     fixed@9.3       ->not_affected
  CVE-2023-38545     libcurl      aff@7.69.0    ->affected     fixed@8.4.0     ->not_affected
  CVE-2023-44487     netty        aff@4.1.99    ->affected     fixed@4.1.100   ->not_affected
  CVE-2023-45322     libxml2      aff@0         ->affected     fixed@None      ->not_affected
  CVE-2023-46218     curl         aff@7.46.0    ->affected     fixed@None      ->not_affected
  CVE-2023-46850     openvpn      aff@2.6.0     ->affected     fixed@None      ->not_affected
  CVE-2023-48795     openssh      aff@9.5       ->affected     fixed@9.6       ->not_affected
  CVE-2023-4911      glibc        aff@2.34      ->affected     fixed@2.39      ->not_affected
  CVE-2023-52425     libexpat     aff@0         ->affected     fixed@None      ->not_affected
  CVE-2023-7104      sqlite       aff@0         ->affected     fixed@None      ->not_affected
  CVE-2023-7256      libpcap      aff@1.10.4    ->affected     fixed@1.10.5    ->not_affected
  CVE-2024-1086      linux_kernel aff@3.15      ->affected     fixed@5.15.149  ->not_affected
  CVE-2024-2379      macos        aff@12.7.5    ->affected     fixed@12.7.6    ->not_affected
  CVE-2024-2961      glibc        aff@2.1.93    ->affected     fixed@2.40      ->not_affected
  CVE-2024-6387      openssh      aff@4.3       ->affected     fixed@4.4       ->not_affected

== real-version SBOM version-range matching ==
  universe: 125 | CVEs with NVD range: 120 | no range: 5
  vuln TP=107 FN=13 | fixed TN=80 FP=0
  affected precision=100.0%  recall=89.2%  accuracy=93.5%  macro-F1=0.934
-> C:\Users\user\Desktop\ICS-VEX\results\version_match.json
